org/jlab/clas/fcmon/RichView$PixelXY.class
org/clas/detectors/HTCCmonitor.class
org/clas/viewer/EventViewer$7.class
org/clas/detectors/FTCALmonitor.class
org/jlab/clas/fcmon/rich/RichPlotMultiplicity$HistTDC.class
org/clas/detectors/BMTmonitor.class
org/jlab/clas/fcmon/rich/RichPlotTDC$HistTDC.class
org/jlab/clas/fcmon/RICHMon.class
org/jlab/clas/fcmon/rich/RichPlotTDC.class
org/clas/detectors/FTOFmonitor.class
org/clas/detectors/CTOFmonitor.class
org/jlab/clas/fcmon/RichView.class
org/jlab/clas/fcmon/RichView$RICHtile.class
org/clas/viewer/EventViewer$4.class
org/clas/detectors/TRKmonitor.class
org/clas/detectors/EPICSmonitor.class
org/clas/viewer/EventViewer$1.class
org/jlab/clas/fcmon/rich/RichPlotOccupancy$RichPanel.class
org/clas/detectors/RICHmonitor$PixelXY.class
org/jlab/clas/fcmon/rich/RichPlotOccupancy$RichPixWeight.class
org/jlab/clas/fcmon/rich/RichPlotOccupancy$1RangeSpinners.class
org/clas/viewer/EventViewer$2.class
org/clas/detectors/BSTmonitor.class
org/jlab/clas/fcmon/rich/RichPlotOccupancy.class
org/clas/detectors/FTOFmonitor$FTOFHits.class
org/clas/detectors/FCUPmonitor.class
org/jlab/clas/fcmon/rich/RichPlot.class
org/clas/detectors/RICHmonitor$DragListener.class
org/clas/detectors/FTHODOmonitor.class
org/jlab/clas/fcmon/rich/RichPlotTDC$DragListener.class
org/jlab/clas/fcmon/rich/RichPlotMultiplicity.class
org/clas/detectors/RICHmonitor$HistTDC.class
org/clas/viewer/EventViewer$5.class
org/clas/viewer/EventViewer.class
org/jlab/clas/fcmon/rich/RichHitCollection$Edge.class
org/clas/viewer/DetectorMonitor.class
org/clas/detectors/Contact.class
org/clas/detectors/FMTmonitor.class
org/clas/viewer/EventViewer$6.class
org/jlab/clas/fcmon/rich/RichPlotTDC$ResizableLine.class
org/jlab/clas/fcmon/rich/RichHitCollection.class
org/clas/viewer/EventViewer$3.class
org/clas/detectors/TRIGGERmonitor.class
org/jlab/clas/fcmon/rich/RichHitCollection$RichTDC.class
org/jlab/clas/fcmon/rich/RichPlotMultiplicity$1.class
org/clas/detectors/RFmonitor.class
org/jlab/clas/fcmon/rich/RichHitCollection$RichHit.class
org/clas/detectors/RICHmonitor$RICHtile.class
org/clas/detectors/LTCCmonitor.class
org/clas/detectors/RICHmonitor$ResizableLine.class
org/clas/detectors/HELmonitor.class
